F
======================================================================
FAIL: test_profile_page_renders (__main__.TestProfileUI.test_profile_page_renders)
----------------------------------------------------------------------
Traceback (most recent call last):
  File "/home/ricardo/Documents/GitHub/My_App/tests/verify_profile_ui.py", line 72, in test_profile_page_renders
    self.assertIn("Baruka's Dagger", content) # Gear
    ^^^^^^^^^^^^^^^^^^^^^^^^^^^^^^^^^^^^^^^^^
AssertionError: "Baruka's Dagger" not found in '<!DOCTYPE html>\n<html lang="en">\n\n<head>\n    <meta charset="UTF-8">\n    <meta name="viewport" content="width=device-width, initial-scale=1.0">\n    <title>SYSTEM INTERFACE</title>\n    <meta name="csrf-token" content="ImViYzY2MGM3ZmNhZDEyNzNiYjE2YmExMDY5YmY2MzE4ZTRmOGFkNDki.aX927g.KLAL5SmLV7LfSpqLDR9x5fF0nd4">\n    <link rel="stylesheet" href="/static/css/style.css">\n    <link href="https://fonts.googleapis.com/icon?family=Material+Icons" rel="stylesheet">\n\n    <!-- VFX & Audio -->\n    <script src="https://cdn.jsdelivr.net/npm/canvas-confetti@1.6.0/dist/confetti.browser.min.js"></script>\n    <script src="/static/js/audio_manager.js"></script>\n</head>\n\n<body class="">\n\n    \n    \n    \n\n    \n    <div style="position: fixed; top: 20px; right: 20px; z-index: 100; display: flex; gap: 10px;">\n        <button onclick="document.getElementById(\'settingsModal\').style.display=\'flex\'"\n            style="background: rgba(0,0,0,0.5); border: 1px solid #aaa; color: #ddd; padding: 5px 10px; cursor: pointer; font-family: \'Courier New\', monospace; font-weight: bold;">\n            SETTINGS\n        </button>\n        <a href="/logout"\n            style="display: block; background: rgba(0,0,0,0.5); color: var(--color-danger); text-decoration: none; border: 1px solid var(--color-danger); padding: 5px 10px; font-family: \'Courier New\', monospace; font-weight: bold;">\n            LOGOUT\n        </a>\n    </div>\n    \n\n    <div\n        class="system-container ">\n        \n<div class="dashboard-grid">\n    <div class="panel"\n        style="grid-column: 1 / -1; max-width: 900px; margin: 0 auto; background: rgba(10, 10, 15, 0.95); border: 1px solid var(--color-primary);">\n\n        <!-- Header / ID Card Top -->\n        <div\n            style="display: flex; justify-content: space-between; align-items: flex-start; margin-bottom: 20px; border-bottom: 1px solid #333; padding-bottom: 15px;">\n            <div>\n                <h2 style="margin: 0; color: var(--color-primary); letter-spacing: 2px;">HUNTER PROFILE</h2>\n                <div style="color: #666; font-size: 0.8em;">SYSTEM DATABASE // ID: 1</div>\n            </div>\n            <a href="/leaderboard" class="btn-small">RETURN</a>\n        </div>\n\n        <div style="display: grid; grid-template-columns: 1fr 1fr; gap: 30px;">\n\n            <!-- LEFT COLUMN: AVATAR & STATS -->\n            <div>\n                <!-- Avatar / Basic Info -->\n                <div style="text-align: center; margin-bottom: 30px;">\n                    <div class="level-circle"\n                        style="margin: 0 auto 15px; width: 100px; height: 100px; font-size: 2em; line-height: 100px; border: 3px solid var(--color-gold); box-shadow: 0 0 15px var(--color-gold);">\n                        50\n                    </div>\n                    <div\n                        style="font-size: 2em; font-weight: bold; color: white; text-shadow: 0 0 10px rgba(255,255,255,0.3);">\n                        StarHunter</div>\n                    <div\n                        style="font-size: 1.1em; color: var(--color-purple-light); margin-top: 5px; font-weight: bold;">\n                        Noob\n                    </div>\n                    <div style="color: #888; margin-top: 5px;">\n                        Class: <span style="color: #b19cd9;">Shadow Monarch</span>\n                        | Rank: <span style="color: var(--color-accent);">S</span>\n                    </div>\n\n                    \n                    <div style="margin-top: 10px; color: #aaa; font-size: 0.9em;">\n                        SHADOW SOLDIERS: <span style="color: var(--color-purple); font-weight: bold;">1</span>\n                    </div>\n                    \n                </div>\n\n                <!-- RADAR CHART (CSS/SVG Implementation) -->\n                <!-- \n                   Simple SVG Radar Chart\n                   Center is 100,100. Radius 80.\n                   Points: Top, TopRight, BotRight, BotLeft, TopLeft\n                   Max stat for scale: 100 (for visual clamping)\n                -->\n                \n                     <div\n                    style="position: relative; width: 200px; height: 200px; margin: 0 auto;">\n                    <svg width="200" height="200" viewBox="0 0 200 200">\n                        <!-- Background Grid -->\n                        <polygon points="100,20 176,75 147,165 53,165 24,75" fill="none" stroke="#333"\n                            stroke-width="1" />\n                        <polygon points="100,60 138,87 123,132 77,132 62,87" fill="none" stroke="#333"\n                            stroke-width="1" />\n\n                        <!-- Axis Lines -->\n                        <line x1="100" y1="100" x2="100" y2="20" stroke="#333" />\n                        <line x1="100" y1="100" x2="176" y2="75" stroke="#333" />\n                        <line x1="100" y1="100" x2="147" y2="165" stroke="#333" />\n                        <line x1="100" y1="100" x2="53" y2="165" stroke="#333" />\n                        <line x1="100" y1="100" x2="24" y2="75" stroke="#333" />\n\n                        <!-- Data Polygon -->\n                        <!-- \n                           Calculations (approx for 5 pts):\n                           Top (STR): 100, 100-val\n                           TR (AGI): 100 + val*0.95, 100 - val*0.31\n                           BR (SNS): 100 + val*0.58, 100 + val*0.81\n                           BL (VIT): 100 - val*0.58, 100 + val*0.81\n                           TL (INT): 100 - val*0.95, 100 - val*0.31\n                        -->\n                        <polygon points="\n                            100,36.0 \n                            168.39999999999998,77.68\n                            132.48,145.36\n                            72.16,138.88\n                            24.0,75.2\n                        " fill="rgba(0, 188, 212, 0.4)" stroke="var(--color-primary)" stroke-width="2" />\n\n                        <!-- Labels -->\n                        <text x="100" y="15" fill="#aaa" font-size="10" text-anchor="middle">STR</text>\n                        <text x="185" y="75" fill="#aaa" font-size="10" text-anchor="middle">AGI</text>\n                        <text x="155" y="180" fill="#aaa" font-size="10" text-anchor="middle">SNS</text>\n                        <text x="45" y="180" fill="#aaa" font-size="10" text-anchor="middle">VIT</text>\n                        <text x="15" y="75" fill="#aaa" font-size="10" text-anchor="middle">INT</text>\n                    </svg>\n            </div>\n\n            <!-- Stat Values Breakdown -->\n            <div\n                style="display: grid; grid-template-columns: 1fr 1fr; gap: 10px; margin-top: 20px; font-size: 0.9em; color: #ccc;">\n                <div\n                    style="background: rgba(255,255,255,0.05); padding: 5px 10px; border-radius: 4px; display: flex; justify-content: space-between;">\n                    <span>Strength</span> <span style="color: white;">80</span></div>\n                <div\n                    style="background: rgba(255,255,255,0.05); padding: 5px 10px; border-radius: 4px; display: flex; justify-content: space-between;">\n                    <span>Agility</span> <span style="color: white;">90</span></div>\n                <div\n                    style="background: rgba(255,255,255,0.05); padding: 5px 10px; border-radius: 4px; display: flex; justify-content: space-between;">\n                    <span>Sense</span> <span style="color: white;">70</span></div>\n                <div\n                    style="background: rgba(255,255,255,0.05); padding: 5px 10px; border-radius: 4px; display: flex; justify-content: space-between;">\n                    <span>Vitality</span> <span style="color: white;">60</span></div>\n                <div\n                    style="background: rgba(255,255,255,0.05); padding: 5px 10px; border-radius: 4px; display: flex; justify-content: space-between;">\n                    <span>Intelligence</span> <span style="color: white;">100</span></div>\n            </div>\n\n        </div>\n\n        <!-- RIGHT COLUMN: EQUIPMENT -->\n        <div>\n            <h3\n                style="margin-top: 0; border-bottom: 1px solid var(--color-primary); padding-bottom: 10px; color: var(--color-primary);">\n                CURRENT GEAR</h3>\n\n            <div class="equipment-grid" style="display: grid; grid-template-columns: 1fr 1fr; gap: 15px;">\n\n                \n                \n                \n                \n                \n                \n\n                <div\n                    style="background: rgba(0,0,0,0.4); border: 1px solid #444; padding: 15px; border-radius: 6px; position: relative;">\n                    <div style="font-size: 0.7em; color: #888; text-transform: uppercase; margin-bottom: 5px;">head</div>\n                    \n                    <div style="color: #555; font-style: italic;">Empty</div>\n                    \n                </div>\n                \n                \n                \n                \n                \n\n                <div\n                    style="background: rgba(0,0,0,0.4); border: 1px solid #444; padding: 15px; border-radius: 6px; position: relative;">\n                    <div style="font-size: 0.7em; color: #888; text-transform: uppercase; margin-bottom: 5px;">body</div>\n                    \n                    <div style="color: #555; font-style: italic;">Empty</div>\n                    \n                </div>\n                \n                \n                \n                \n                \n                \n                \n\n                <div\n                    style="background: rgba(0,0,0,0.4); border: 1px solid #444; padding: 15px; border-radius: 6px; position: relative;">\n                    <div style="font-size: 0.7em; color: #888; text-transform: uppercase; margin-bottom: 5px;">weapon</div>\n                    \n                    <div\n                        style="font-weight: bold; color: white;">\n                        Baruka&#39;s Dagger\n                    </div>\n                    <div style="font-size: 0.8em; color: var(--color-primary); margin-top: 5px;">\n                        +10 AGI\n                    </div>\n                    \n                </div>\n                \n                \n                \n                \n                \n\n                <div\n                    style="background: rgba(0,0,0,0.4); border: 1px solid #444; padding: 15px; border-radius: 6px; position: relative;">\n                    <div style="font-size: 0.7em; color: #888; text-transform: uppercase; margin-bottom: 5px;">accessory</div>\n                    \n                    <div style="color: #555; font-style: italic;">Empty</div>\n                    \n                </div>\n                \n\n            </div>\n\n            <!-- Recent Activity / Quote -->\n            <div style="margin-top: 30px;">\n                <h3 style="font-size: 1em; color: #aaa; border-bottom: 1px solid #333; padding-bottom: 5px;">HUNTER\n                    STATUS</h3>\n                <div style="margin-top: 10px; font-size: 0.9em; color: #ccc;">\n                    <div>Condition: <span\n                            style="color: #ccc">Normal</span></div>\n                    <div style="margin-top: 5px;">Total Stats: <span style="color: white;">400</span></div>\n                </div>\n            </div>\n\n        </div>\n    </div>\n</div>\n</div>\n\n    </div>\n\n\n    \n    <div id="settingsModal" class="modal-overlay">\n        <div class="panel modal-content" style="max-width:400px;">\n            <h2 class="u-color-white u-mb-20">SYSTEM SETTINGS</h2>\n\n            <div class="u-flex u-justify-between u-align-center u-mb-20 u-padding-10"\n                style="background:rgba(255,255,255,0.05);">\n                <span>Sound Effects</span>\n                <input type="checkbox" id="settingAudio" checked\n                    onchange="updateSettings()">\n            </div>\n\n            <div class="u-flex u-justify-between u-align-center u-mb-20 u-padding-10"\n                style="background:rgba(255,255,255,0.05);">\n                <span>Music</span>\n                <input type="checkbox" id="settingMusic" checked\n                    onchange="updateSettings()">\n            </div>\n\n            <div class="u-text-center">\n                <button onclick="document.getElementById(\'settingsModal\').style.display=\'none\'"\n                    class="btn-complete u-width-100">CLOSE</button>\n            </div>\n        </div>\n    </div>\n\n    <script>\n        function updateSettings() {\n            const audio = document.getElementById(\'settingAudio\').checked;\n            const music = document.getElementById(\'settingMusic\').checked;\n\n            fetch(\'/update_settings\', {\n                method: \'POST\',\n                headers: {\n                    \'Content-Type\': \'application/json\',\n                    \'X-CSRFToken\': document.querySelector(\'meta[name="csrf-token"]\').getAttribute(\'content\')\n                },\n                body: JSON.stringify({ audio: audio, music: music })\n            });\n        }\n    </script>\n    \n\n    <script>\n        document.addEventListener("DOMContentLoaded", function () {\n            // 3. System Notifications (Flash Messages)\n            const flashes = document.querySelectorAll(\'.flash-msg\');\n            if (flashes.length > 0) {\n                // Audio is handled by page-specific scripts if needed, or we can check global\n                if (window.audioManager) {\n                    const majorEvent = document.querySelector(\'.flash-msg.levelup\') || document.querySelector(\'.flash-msg.arise_trigger\');\n                    if (!majorEvent) window.audioManager.play(\'notification\');\n                }\n\n                // Auto-Dismiss\n                setTimeout(() => {\n                    flashes.forEach(el => {\n                        el.style.transition = "opacity 0.5s ease";\n                        el.style.opacity = "0";\n                        setTimeout(() => el.remove(), 500);\n                    });\n                }, 2500);\n            }\n\n            // --- NOTIFICATION POLLING SYSTEM ---\n            const POLL_INTERVAL = 60000; // 60 seconds\n\n            async function checkNotifications() {\n                try {\n                    const response = await fetch(\'/api/notifications/unread\');\n                    if (!response.ok) return;\n\n                    const notifications = await response.json();\n                    if (notifications.length > 0) {\n                        showNotifications(notifications);\n                        markAsRead(notifications.map(n => n.id));\n                    }\n                } catch (e) {\n                    console.log("Notification poll failed:", e);\n                }\n            }\n\n            function showNotifications(notifications) {\n                const container = document.querySelector(\'.flash-container\') || createFlashContainer();\n\n                notifications.forEach(n => {\n                    const msgDiv = document.createElement(\'div\');\n                    msgDiv.className = `flash-msg ${n.category}`;\n                    msgDiv.innerText = n.message;\n                    container.appendChild(msgDiv);\n\n                    // Trigger sound\n                    if (window.audioManager) window.audioManager.play(\'notification\');\n\n                    // Auto-Dismiss Logic\n                    setTimeout(() => {\n                        msgDiv.style.transition = "opacity 0.5s ease";\n                        msgDiv.style.opacity = "0";\n                        setTimeout(() => msgDiv.remove(), 500);\n                    }, 4000); // Slightly longer for fresh alerts\n                });\n            }\n\n            function createFlashContainer() {\n                const div = document.createElement(\'div\');\n                div.className = \'flash-container\';\n                document.body.appendChild(div);\n                return div;\n            }\n\n            async function markAsRead(ids) {\n                await fetch(\'/api/notifications/mark_read\', {\n                    method: \'POST\',\n                    headers: {\n                        \'Content-Type\': \'application/json\',\n                        \'X-CSRFToken\': document.querySelector(\'meta[name="csrf-token"]\').getAttribute(\'content\')\n                    },\n                    body: JSON.stringify({ ids: ids })\n                });\n            }\n\n            // Start Polling\n            setInterval(checkNotifications, POLL_INTERVAL);\n        });\n    </script>\n</body>\n\n</html>'

----------------------------------------------------------------------
Ran 1 test in 0.090s

FAILED (failures=1)
